../Core/Src/main.c:109:7:readBlueButton	16	static
../Core/Src/main.c:75:5:main	16	static
../Core/Src/main.c:128:8:turnOnLedOrange	16	static
../Core/Src/main.c:131:8:turnOffLedOrange	16	static
../Core/Src/main.c:179:6:SystemClock_Config	88	static
../Core/Src/main.c:225:13:MX_I2C1_Init	8	static
../Core/Src/main.c:259:13:MX_I2S3_Init	8	static
../Core/Src/main.c:293:13:MX_SPI1_Init	8	static
../Core/Src/main.c:331:13:MX_GPIO_Init	56	static
../Core/Src/main.c:430:6:Error_Handler	4	static,ignoring_inline_asm
